// Jest Snapshot v1, https://goo.gl/fbAQLP

exports[`ShootingPanel renders correctly 1`] = `
<div
  className="stats-panel"
>
  <h4
    className="MuiTypography-root stats-panel__title MuiTypography-h4"
  >
    Shooting
  </h4>
  <div
    className="stats-panel__values"
  >
    <div
      className="info-item"
    >
      <p
        className="MuiTypography-root info-item__value MuiTypography-body1"
      >
        -
      </p>
      <h6
        className="MuiTypography-root info-item__title MuiTypography-subtitle1"
      >
        FT
      </h6>
    </div>
    <div
      className="info-item"
    >
      <p
        className="MuiTypography-root info-item__value MuiTypography-body1"
      >
        50.00%
      </p>
      <h6
        className="MuiTypography-root info-item__title MuiTypography-subtitle1"
      >
        2PT
      </h6>
    </div>
    <div
      className="info-item"
    >
      <p
        className="MuiTypography-root info-item__value MuiTypography-body1"
      >
        20.00%
      </p>
      <h6
        className="MuiTypography-root info-item__title MuiTypography-subtitle1"
      >
        3PT
      </h6>
    </div>
  </div>
  <a
    className="stats-panel__link"
    to="/statistics"
  >
    View details
  </a>
</div>
`;
