// Jest Snapshot v1, https://goo.gl/fbAQLP

exports[`ShootingPanel renders correctly 1`] = `
<div
  className="MuiPaper-root MuiCard-root stats-panel MuiPaper-elevation1 MuiPaper-rounded"
>
  <div
    className="MuiCardHeader-root stats-panel__header"
  >
    <div
      className="MuiCardHeader-content"
    >
      <h6
        className="MuiTypography-root MuiTypography-h6"
      >
        Shooting
      </h6>
    </div>
    <div
      className="MuiCardHeader-action"
    >
      <a
        aria-disabled={false}
        className="MuiButtonBase-root MuiIconButton-root"
        onBlur={[Function]}
        onDragLeave={[Function]}
        onFocus={[Function]}
        onKeyDown={[Function]}
        onKeyUp={[Function]}
        onMouseDown={[Function]}
        onMouseLeave={[Function]}
        onMouseUp={[Function]}
        onTouchEnd={[Function]}
        onTouchMove={[Function]}
        onTouchStart={[Function]}
        role="button"
        tabIndex={0}
        to="shooting"
      >
        <span
          className="MuiIconButton-label"
        >
          <svg
            aria-hidden={true}
            className="MuiSvgIcon-root"
            focusable="false"
            viewBox="0 0 24 24"
          >
            <path
              d="M12 4.5C7 4.5 2.73 7.61 1 12c1.73 4.39 6 7.5 11 7.5s9.27-3.11 11-7.5c-1.73-4.39-6-7.5-11-7.5zM12 17c-2.76 0-5-2.24-5-5s2.24-5 5-5 5 2.24 5 5-2.24 5-5 5zm0-8c-1.66 0-3 1.34-3 3s1.34 3 3 3 3-1.34 3-3-1.34-3-3-3z"
            />
          </svg>
        </span>
      </a>
      <button
        className="MuiButtonBase-root MuiIconButton-root Mui-disabled Mui-disabled"
        disabled={true}
        onBlur={[Function]}
        onDragLeave={[Function]}
        onFocus={[Function]}
        onKeyDown={[Function]}
        onKeyUp={[Function]}
        onMouseDown={[Function]}
        onMouseLeave={[Function]}
        onMouseUp={[Function]}
        onTouchEnd={[Function]}
        onTouchMove={[Function]}
        onTouchStart={[Function]}
        tabIndex={-1}
        type="button"
      >
        <span
          className="MuiIconButton-label"
        >
          <svg
            aria-hidden={true}
            className="MuiSvgIcon-root"
            focusable="false"
            viewBox="0 0 24 24"
          >
            <path
              d="M18 16.08c-.76 0-1.44.3-1.96.77L8.91 12.7c.05-.23.09-.46.09-.7s-.04-.47-.09-.7l7.05-4.11c.54.5 1.25.81 2.04.81 1.66 0 3-1.34 3-3s-1.34-3-3-3-3 1.34-3 3c0 .24.04.47.09.7L8.04 9.81C7.5 9.31 6.79 9 6 9c-1.66 0-3 1.34-3 3s1.34 3 3 3c.79 0 1.5-.31 2.04-.81l7.12 4.16c-.05.21-.08.43-.08.65 0 1.61 1.31 2.92 2.92 2.92 1.61 0 2.92-1.31 2.92-2.92s-1.31-2.92-2.92-2.92z"
            />
          </svg>
        </span>
      </button>
    </div>
  </div>
  <div
    className="MuiCardContent-root stats-panel__info-container"
  >
    <div
      className="info"
    >
      <h6
        className="MuiTypography-root info__title MuiTypography-subtitle1"
      >
        FT
      </h6>
      <p
        className="MuiTypography-root MuiTypography-body1"
      >
        -
      </p>
    </div>
    <div
      className="info"
    >
      <h6
        className="MuiTypography-root info__title MuiTypography-subtitle1"
      >
        2PT
      </h6>
      <p
        className="MuiTypography-root MuiTypography-body1"
      >
        50.00%
      </p>
    </div>
    <div
      className="info"
    >
      <h6
        className="MuiTypography-root info__title MuiTypography-subtitle1"
      >
        3PT
      </h6>
      <p
        className="MuiTypography-root MuiTypography-body1"
      >
        20.00%
      </p>
    </div>
  </div>
</div>
`;
